// Jest Snapshot v1, https://goo.gl/fbAQLP

exports[`BusinessCard component renders correctly 1`] = `
<Card
  background="colored"
  content=""
>
  <styled.div>
    <Link
      replace={false}
      to="/"
    >
      <Styled(Logo)
        animated={true}
        white={true}
      />
      <styled.div>
        <h1>
          Maarten Buwalda
        </h1>
        <p>
          front-end developer
        </p>
      </styled.div>
    </Link>
    <styled.div>
      <a
        href="https://www.linkedin.com/in/maartenbuwalda/"
        rel="noopener noreferrer"
        target="_blank"
      >
        linkedin
      </a>
      -
      <a
        href="https://github.com/maartenbuwalda"
        rel="noopener noreferrer"
        target="_blank"
      >
        github
      </a>
      -
      <a
        href="mailto:maarten@maartenbuwalda.com"
        rel="noopener noreferrer"
        target="_blank"
      >
        email
      </a>
    </styled.div>
  </styled.div>
</Card>
`;
