// Jest Snapshot v1, https://goo.gl/fbAQLP

exports[`Background component mounts correctly 1`] = `
.c0 {
  -webkit-transition: background-color 1s;
  transition: background-color 1s;
  background-color: rgba(,0.1);
  min-height: 100vh;
}

<Background>
  <styled.div
    theme={
      Object {
        "hex": Object {
          "colorDark": "",
          "colorLight": "",
          "colorMutedDark": "",
          "colorMutedLight": "",
          "colorMutedRegular": "",
          "colorRegular": "",
        },
        "rgb": Object {
          "colorDark": "",
          "colorLight": "",
          "colorMutedDark": "",
          "colorMutedLight": "",
          "colorMutedRegular": "",
          "colorRegular": "",
        },
      }
    }
  >
    <StyledComponent
      forwardedComponent={
        Object {
          "$$typeof": Symbol(react.forward_ref),
          "attrs": Array [],
          "componentStyle": ComponentStyle {
            "componentId": "sc-bdVaJa",
            "isStatic": false,
            "lastClassName": "c0",
            "rules": Array [
              "
  transition: background-color 1s;
  background-color: rgba(",
              [Function],
              ", 0.1);
  min-height: 100vh;
",
            ],
          },
          "displayName": "styled.div",
          "foldedComponentIds": Array [],
          "render": [Function],
          "styledComponentId": "sc-bdVaJa",
          "target": "div",
          "toString": [Function],
          "warnTooManyClasses": [Function],
          "withComponent": [Function],
        }
      }
      forwardedRef={null}
      theme={
        Object {
          "hex": Object {
            "colorDark": "",
            "colorLight": "",
            "colorMutedDark": "",
            "colorMutedLight": "",
            "colorMutedRegular": "",
            "colorRegular": "",
          },
          "rgb": Object {
            "colorDark": "",
            "colorLight": "",
            "colorMutedDark": "",
            "colorMutedLight": "",
            "colorMutedRegular": "",
            "colorRegular": "",
          },
        }
      }
    >
      <div
        className="c0"
      >
        Children
      </div>
    </StyledComponent>
  </styled.div>
</Background>
`;
