// Jest Snapshot v1, https://goo.gl/fbAQLP

exports[`HeaderImage component mounts correctly 1`] = `
.c0 {
  background: #E5E5E8;
  margin: 0;
  overflow: hidden;
  height: 30rem;
  max-height: 15rem;
  width: 100%;
  position: relative;
  display: -webkit-box;
  display: -webkit-flex;
  display: -ms-flexbox;
  display: flex;
  -webkit-box-pack: center;
  -webkit-justify-content: center;
  -ms-flex-pack: center;
  justify-content: center;
  -webkit-align-items: center;
  -webkit-box-align: center;
  -ms-flex-align: center;
  align-items: center;
}

.c0 img {
  -webkit-animation: appear .5s ease-out;
  animation: appear .5s ease-out;
  display: block;
  max-height: 100%;
}

@media (min-width:768px) {
  .c0 {
    max-height: 30rem;
  }
}

<HeaderImage
  theme={
    Object {
      "hex": Object {
        "colorDark": "colorDark",
        "colorLight": "colorLight",
        "colorMutedDark": "colorMutedDark",
        "colorMutedLight": "colorMutedLight",
        "colorMutedRegular": "colorMutedRegular",
        "colorRegular": "colorRegular",
      },
      "rgb": Object {
        "colorDark": "colorDark",
        "colorLight": "colorLight",
        "colorMutedDark": "colorMutedDark",
        "colorMutedLight": "colorMutedLight",
        "colorMutedRegular": "colorMutedRegular",
        "colorRegular": "colorRegular",
      },
    }
  }
  title="testTitle"
  updateTheme={
    [MockFunction] {
      "calls": Array [
        Array [
          undefined,
        ],
      ],
      "results": Array [
        Object {
          "type": "return",
          "value": undefined,
        },
      ],
    }
  }
>
  <styled.figure>
    <StyledComponent
      forwardedComponent={
        Object {
          "$$typeof": Symbol(react.forward_ref),
          "attrs": Array [],
          "componentStyle": ComponentStyle {
            "componentId": "sc-htpNat",
            "isStatic": true,
            "lastClassName": "c0",
            "rules": Array [
              "
  background: ",
              "#E5E5E8",
              ";
  margin: 0;
  overflow: hidden;
  height: 30rem;
  max-height: 15rem;
  width: 100%;
  position: relative;
  display: flex;
  justify-content: center;
  align-items: center;

  img {
    animation: appear .5s ease-out;
    display: block;
    max-height: 100%;
  }

  @media (min-width: ",
              "768px",
              ") {
    max-height: 30rem;
  }
",
            ],
          },
          "displayName": "styled.figure",
          "foldedComponentIds": Array [],
          "render": [Function],
          "styledComponentId": "sc-htpNat",
          "target": "figure",
          "toString": [Function],
          "warnTooManyClasses": [Function],
          "withComponent": [Function],
        }
      }
      forwardedRef={null}
    >
      <figure
        className="c0"
      >
        <Img
          container={[Function]}
          decode={true}
          loader={
            <ForwardRef>
              <Loading />
            </ForwardRef>
          }
          src={Array []}
          unloader={false}
        />
      </figure>
    </StyledComponent>
  </styled.figure>
</HeaderImage>
`;
