// Jest Snapshot v1, https://goo.gl/fbAQLP

exports[`HeaderImage component mounts correctly 1`] = `
<HeaderImage
  theme={
    Object {
      "hex": Object {
        "colorDark": "colorDark",
        "colorLight": "colorLight",
        "colorMutedDark": "colorMutedDark",
        "colorMutedLight": "colorMutedLight",
        "colorMutedRegular": "colorMutedRegular",
        "colorRegular": "colorRegular",
      },
      "rgb": Object {
        "colorDark": "colorDark",
        "colorLight": "colorLight",
        "colorMutedDark": "colorMutedDark",
        "colorMutedLight": "colorMutedLight",
        "colorMutedRegular": "colorMutedRegular",
        "colorRegular": "colorRegular",
      },
    }
  }
  title="testTitle"
  updateTheme={
    [MockFunction] {
      "calls": Array [
        Array [
          undefined,
        ],
      ],
      "results": Array [
        Object {
          "type": "return",
          "value": undefined,
        },
      ],
    }
  }
/>
`;
