// Jest Snapshot v1, https://goo.gl/fbAQLP

exports[`App component renders correctly 1`] = `
<HashRouter>
  <ContextProvider
    value={
      Object {
        "theme": Object {
          "hex": Object {
            "colorDark": "",
            "colorLight": "",
            "colorMutedDark": "",
            "colorMutedLight": "",
            "colorMutedRegular": "",
            "colorRegular": "",
          },
          "rgb": Object {
            "colorDark": "",
            "colorLight": "",
            "colorMutedDark": "",
            "colorMutedLight": "",
            "colorMutedRegular": "",
            "colorRegular": "",
          },
        },
        "updateTheme": [Function],
      }
    }
  >
    <Background>
      <Grid>
        <Sticky>
          <BusinessCard
            position="s1"
          />
          <Navigation
            position="m1"
          />
        </Sticky>
        <Pages
          position="l1"
        />
      </Grid>
    </Background>
  </ContextProvider>
</HashRouter>
`;
