// Jest Snapshot v1, https://goo.gl/fbAQLP

exports[`App component renders correctly 1`] = `
<HashRouter>
  <Background>
    <Grid>
      <BusinessCard
        position="s1"
      />
      <Navigation
        position="m1"
      />
      <withRouter(Connect(Component))
        position="l1"
      />
    </Grid>
  </Background>
</HashRouter>
`;
