// Jest Snapshot v1, https://goo.gl/fbAQLP

exports[`Router component renders correctly 1`] = `
<Card
  content=""
>
  <Switch>
    <Route
      exact={true}
      key="0"
      path="/"
      render={[Function]}
    />
    <Route
      exact={true}
      key="1"
      path="/education"
      render={[Function]}
    />
    <Route
      exact={true}
      key="2"
      path="/"
      render={[Function]}
    />
    <Route
      exact={true}
      key="3"
      path="/education"
      render={[Function]}
    />
  </Switch>
</Card>
`;
