// Jest Snapshot v1, https://goo.gl/fbAQLP

exports[`Heading component renders correctly 1`] = `
<styled.div>
  <styled.div>
    <Link
      replace={false}
      to="/"
    >
      home
    </Link>
    <Link
      replace={false}
      to="/hello"
    >
      about
    </Link>
  </styled.div>
</styled.div>
`;
